#-----------------------------------------------------------
# Vivado v2022.2 (64-bit)
# SW Build 3671981 on Fri Oct 14 05:00:03 MDT 2022
# IP Build 3669848 on Fri Oct 14 08:30:02 MDT 2022
# Start of session at: Thu Jul  9 10:50:22 2026
# Process ID: 21932
# Current directory: D:/0_ongoing/lockstep/lockstep_bench/.codex-tasks/20260709-board-smoke
# Command line: vivado.exe -mode batch -source D:\0_ongoing\lockstep\lockstep_bench\.codex-tasks\20260709-board-smoke\zcu102_jtag_program_bitstream_once.tcl -journal D:\0_ongoing\lockstep\lockstep_bench\.codex-tasks\20260709-board-smoke\jtag_program_noelv.jou -log D:\0_ongoing\lockstep\lockstep_bench\.codex-tasks\20260709-board-smoke\jtag_program_noelv.log
# Log file: D:/0_ongoing/lockstep/lockstep_bench/.codex-tasks/20260709-board-smoke/jtag_program_noelv.log
# Journal file: D:\0_ongoing\lockstep\lockstep_bench\.codex-tasks\20260709-board-smoke\jtag_program_noelv.jou
# Running On: DESKTOP-948CCE5, OS: Windows, CPU Frequency: 2496 MHz, CPU Physical cores: 8, Host memory: 68502 MB
#-----------------------------------------------------------
source {D:\0_ongoing\lockstep\lockstep_bench\.codex-tasks\20260709-board-smoke\zcu102_jtag_program_bitstream_once.tcl}
